------------------------------------------------------------
TimeQuest Timing Analyzer Summary
------------------------------------------------------------

Type  : Slow 1100mV 85C Model Setup 'KEY[0]'
Slack : -10.723
TNS   : -409.174

Type  : Slow 1100mV 85C Model Setup 'lab4:map_lab4|fsm:map_fsm|state.fin'
Slack : -7.709
TNS   : -22.910

Type  : Slow 1100mV 85C Model Setup 'lab4:map_lab4|fsm:map_fsm|state.shift_regs'
Slack : -1.346
TNS   : -1.346

Type  : Slow 1100mV 85C Model Hold 'KEY[0]'
Slack : 0.280
TNS   : 0.000

Type  : Slow 1100mV 85C Model Hold 'lab4:map_lab4|fsm:map_fsm|state.shift_regs'
Slack : 0.468
TNS   : 0.000

Type  : Slow 1100mV 85C Model Hold 'lab4:map_lab4|fsm:map_fsm|state.fin'
Slack : 4.728
TNS   : 0.000

Type  : Slow 1100mV 85C Model Minimum Pulse Width 'KEY[0]'
Slack : -0.394
TNS   : -39.844

Type  : Slow 1100mV 85C Model Minimum Pulse Width 'lab4:map_lab4|fsm:map_fsm|state.fin'
Slack : 0.445
TNS   : 0.000

Type  : Slow 1100mV 85C Model Minimum Pulse Width 'lab4:map_lab4|fsm:map_fsm|state.shift_regs'
Slack : 0.447
TNS   : 0.000

Type  : Slow 1100mV 0C Model Setup 'KEY[0]'
Slack : -10.251
TNS   : -379.535

Type  : Slow 1100mV 0C Model Setup 'lab4:map_lab4|fsm:map_fsm|state.fin'
Slack : -7.595
TNS   : -22.569

Type  : Slow 1100mV 0C Model Setup 'lab4:map_lab4|fsm:map_fsm|state.shift_regs'
Slack : -1.275
TNS   : -1.275

Type  : Slow 1100mV 0C Model Hold 'KEY[0]'
Slack : 0.268
TNS   : 0.000

Type  : Slow 1100mV 0C Model Hold 'lab4:map_lab4|fsm:map_fsm|state.shift_regs'
Slack : 0.344
TNS   : 0.000

Type  : Slow 1100mV 0C Model Hold 'lab4:map_lab4|fsm:map_fsm|state.fin'
Slack : 4.653
TNS   : 0.000

Type  : Slow 1100mV 0C Model Minimum Pulse Width 'KEY[0]'
Slack : -0.394
TNS   : -36.672

Type  : Slow 1100mV 0C Model Minimum Pulse Width 'lab4:map_lab4|fsm:map_fsm|state.fin'
Slack : 0.425
TNS   : 0.000

Type  : Slow 1100mV 0C Model Minimum Pulse Width 'lab4:map_lab4|fsm:map_fsm|state.shift_regs'
Slack : 0.434
TNS   : 0.000

Type  : Fast 1100mV 85C Model Setup 'KEY[0]'
Slack : -7.077
TNS   : -305.152

Type  : Fast 1100mV 85C Model Setup 'lab4:map_lab4|fsm:map_fsm|state.fin'
Slack : -3.746
TNS   : -11.178

Type  : Fast 1100mV 85C Model Setup 'lab4:map_lab4|fsm:map_fsm|state.shift_regs'
Slack : -0.615
TNS   : -0.615

Type  : Fast 1100mV 85C Model Hold 'KEY[0]'
Slack : 0.167
TNS   : 0.000

Type  : Fast 1100mV 85C Model Hold 'lab4:map_lab4|fsm:map_fsm|state.shift_regs'
Slack : 0.338
TNS   : 0.000

Type  : Fast 1100mV 85C Model Hold 'lab4:map_lab4|fsm:map_fsm|state.fin'
Slack : 2.669
TNS   : 0.000

Type  : Fast 1100mV 85C Model Minimum Pulse Width 'KEY[0]'
Slack : -0.345
TNS   : -19.483

Type  : Fast 1100mV 85C Model Minimum Pulse Width 'lab4:map_lab4|fsm:map_fsm|state.fin'
Slack : 0.468
TNS   : 0.000

Type  : Fast 1100mV 85C Model Minimum Pulse Width 'lab4:map_lab4|fsm:map_fsm|state.shift_regs'
Slack : 0.480
TNS   : 0.000

Type  : Fast 1100mV 0C Model Setup 'KEY[0]'
Slack : -6.066
TNS   : -249.181

Type  : Fast 1100mV 0C Model Setup 'lab4:map_lab4|fsm:map_fsm|state.fin'
Slack : -3.623
TNS   : -10.801

Type  : Fast 1100mV 0C Model Setup 'lab4:map_lab4|fsm:map_fsm|state.shift_regs'
Slack : -0.489
TNS   : -0.489

Type  : Fast 1100mV 0C Model Hold 'KEY[0]'
Slack : 0.151
TNS   : 0.000

Type  : Fast 1100mV 0C Model Hold 'lab4:map_lab4|fsm:map_fsm|state.shift_regs'
Slack : 0.259
TNS   : 0.000

Type  : Fast 1100mV 0C Model Hold 'lab4:map_lab4|fsm:map_fsm|state.fin'
Slack : 2.578
TNS   : 0.000

Type  : Fast 1100mV 0C Model Minimum Pulse Width 'KEY[0]'
Slack : -0.321
TNS   : -18.193

Type  : Fast 1100mV 0C Model Minimum Pulse Width 'lab4:map_lab4|fsm:map_fsm|state.shift_regs'
Slack : 0.477
TNS   : 0.000

Type  : Fast 1100mV 0C Model Minimum Pulse Width 'lab4:map_lab4|fsm:map_fsm|state.fin'
Slack : 0.478
TNS   : 0.000

------------------------------------------------------------
