------------------------------------------------------------
TimeQuest Timing Analyzer Summary
------------------------------------------------------------

Type  : Slow 1100mV 85C Model Setup 'KEY[0]'
Slack : -0.657
TNS   : -1.567

Type  : Slow 1100mV 85C Model Hold 'KEY[0]'
Slack : 0.239
TNS   : 0.000

Type  : Slow 1100mV 85C Model Minimum Pulse Width 'KEY[0]'
Slack : -0.394
TNS   : -5.539

Type  : Slow 1100mV 0C Model Setup 'KEY[0]'
Slack : -0.635
TNS   : -1.532

Type  : Slow 1100mV 0C Model Hold 'KEY[0]'
Slack : 0.226
TNS   : 0.000

Type  : Slow 1100mV 0C Model Minimum Pulse Width 'KEY[0]'
Slack : -0.394
TNS   : -5.144

Type  : Fast 1100mV 85C Model Setup 'KEY[0]'
Slack : 0.063
TNS   : 0.000

Type  : Fast 1100mV 85C Model Hold 'KEY[0]'
Slack : 0.152
TNS   : 0.000

Type  : Fast 1100mV 85C Model Minimum Pulse Width 'KEY[0]'
Slack : -0.337
TNS   : -2.890

Type  : Fast 1100mV 0C Model Setup 'KEY[0]'
Slack : 0.117
TNS   : 0.000

Type  : Fast 1100mV 0C Model Hold 'KEY[0]'
Slack : 0.137
TNS   : 0.000

Type  : Fast 1100mV 0C Model Minimum Pulse Width 'KEY[0]'
Slack : -0.317
TNS   : -2.708

------------------------------------------------------------
